<html>
<body>
<pre>
<h1>µVision Build Log</h1>
<h2>Project:</h2>
C:\Users\Dennis\Documents\SEDS-vulcan1\DAS-CMSIS\Project\RVMDK\stm32_gpio.uvproj
Project File Date:  05/24/2015

<h2>Output:</h2>
Build target 'SEDS_DAS'
compiling main.c...
compiling stm32f10x_it.c...
compiling usart.c...
compiling misc.c...
compiling stm32f10x_gpio.c...
compiling stm32f10x_rcc.c...
compiling stm32f10x_adc.c...
compiling stm32f10x_dma.c...
compiling stm32f10x_tim.c...
compiling stm32f10x_usart.c...
compiling stm32f10x_spi.c...
compiling core_cm3.c...
compiling system_stm32f10x.c...
assembling startup_stm32f10x_md.s...
linking...
Program Size: Code=13352 RO-data=268 RW-data=140 ZI-data=1660  
FromELF: creating hex file...
".\Obj\stm32_gpio.axf" - 0 Error(s), 0 Warning(s).
