<html>
<body>
<pre>
<h1>µVision Build Log</h1>
<h2>Project:</h2>
C:\Users\krisl_000\Documents\Vulcan-1\Vulcan-1-Sofeware\Project\RVMDK\stm32_gpio.uvproj
Project File Date:  05/25/2015

<h2>Output:</h2>
Build target 'SEDS_DAS'
compiling usart.c...
linking...
Program Size: Code=13352 RO-data=268 RW-data=140 ZI-data=1660  
FromELF: creating hex file...
".\Obj\stm32_gpio.axf" - 0 Error(s), 0 Warning(s).
tm32f10x.h")
  typedef signed long  s32;
..\stm32f10x_type.h(27): error:  #256: invalid redeclaration of type name "sc32" (declared at line 491 of "..\..\Libraries\CMSIS\CM3\DeviceSupport\ST\STM32F10x\stm32f10x.h")
  typedef signed long  const sc32;  /* Read Only */
..\stm32f10x_type.h(31): error:  #256: invalid redeclaration of type name "vs32" (declared at line 495 of "..\..\Libraries\CMSIS\CM3\DeviceSupport\ST\STM32F10x\stm32f10x.h")
  typedef volatile signed long  vs32;
..\stm32f10x_type.h(35): error:  #256: invalid redeclaration of type name "vsc32" (declared at line 499 of "..\..\Libraries\CMSIS\CM3\DeviceSupport\ST\STM32F10x\stm32f10x.h")
  typedef volatile signed long  const vsc32;  /* Read Only */
..\stm32f10x_type.h(39): error:  #256: invalid redeclaration of type name "u32" (declared at line 503 of "..\..\Libraries\CMSIS\CM3\DeviceSupport\ST\STM32F10x\stm32f10x.h")
  typedef unsigned long  u32;
..\stm32f10x_type.h(43): error:  #256: invalid redeclaration of type name "uc32" (declared at line 507 of "..\..\Libraries\CMSIS\CM3\DeviceSupport\ST\STM32F10x\stm32f10x.h")
  typedef unsigned long  const uc32;  /* Read Only */
..\stm32f10x_type.h(47): error:  #256: invalid redeclaration of type name "vu32" (declared at line 511 of "..\..\Libraries\CMSIS\CM3\DeviceSupport\ST\STM32F10x\stm32f10x.h")
  typedef volatile unsigned long  vu32;
..\stm32f10x_type.h(51): error:  #256: invalid redeclaration of type name "vuc32" (declared at line 515 of "..\..\Libraries\CMSIS\CM3\DeviceSupport\ST\STM32F10x\stm32f10x.h")
  typedef volatile unsigned long  const vuc32;  /* Read Only */
..\stm32f10x_type.h(57): error:  #101: "RESET" has already been declared in the current scope
  typedef enum {RESET = 0, SET = !RESET} FlagStatus, ITStatus;
..\stm32f10x_type.h(57): error:  #101: "SET" has already been declared in the current scope
  typedef enum {RESET = 0, SET = !RESET} FlagStatus, ITStatus;
..\stm32f10x_type.h(57): error:  #256: invalid redeclaration of type name "FlagStatus" (declared at line 519 of "..\..\Libraries\CMSIS\CM3\DeviceSupport\ST\STM32F10x\stm32f10x.h")
  typedef enum {RESET = 0, SET = !RESET} FlagStatus, ITStatus;
..\stm32f10x_type.h(57): error:  #256: invalid redeclaration of type name "ITStatus" (declared at line 519 of "..\..\Libraries\CMSIS\CM3\DeviceSupport\ST\STM32F10x\stm32f10x.h")
  typedef enum {RESET = 0, SET = !RESET} FlagStatus, ITStatus;
..\stm32f10x_type.h(59): error:  #101: "DISABLE" has already been declared in the current scope
  typedef enum {DISABLE = 0, ENABLE = !DISABLE} FunctionalState;
..\stm32f10x_type.h(59): error:  #101: "ENABLE" has already been declared in the current scope
  typedef enum {DISABLE = 0, ENABLE = !DISABLE} FunctionalState;
..\stm32f10x_type.h(59): error:  #256: invalid redeclaration of type name "FunctionalState" (declared at line 521 of "..\..\Libraries\CMSIS\CM3\DeviceSupport\ST\STM32F10x\stm32f10x.h")
  typedef enum {DISABLE = 0, ENABLE = !DISABLE} FunctionalState;
..\stm32f10x_type.h(62): error:  #101: "ERROR" has already been declared in the current scope
  typedef enum {ERROR = 0, SUCCESS = !ERROR} ErrorStatus;
..\stm32f10x_type.h(62): error:  #101: "SUCCESS" has already been declared in the current scope
  typedef enum {ERROR = 0, SUCCESS = !ERROR} ErrorStatus;
..\stm32f10x_type.h(62): error:  #256: invalid redeclaration of type name "ErrorStatus" (declared at line 524 of "..\..\Libraries\CMSIS\CM3\DeviceSupport\ST\STM32F10x\stm32f10x.h")
  typedef enum {ERROR = 0, SUCCESS = !ERROR} ErrorStatus;
..\stm32f10x_map.h(28): error:  #5: cannot open source input file "cortexm3_macro.h": No such file or directory
  #include "cortexm3_macro.h"
..\usart.c: 0 warnings, 19 errors
compiling misc.c...
compiling stm32f10x_gpio.c...
compiling stm32f10x_rcc.c...
compiling stm32f10x_adc.c...
compiling stm32f10x_dma.c...
compiling stm32f10x_tim.c...
compiling stm32f10x_usart.c...
compiling stm32f10x_spi.c...
compiling core_cm3.c...
compiling system_stm32f10x.c...
assembling startup_stm32f10x_md.s...
".\Obj\stm32_gpio.axf" - 19 Error(s), 0 Warning(s).
Target not created
