<html>
<body>
<pre>
<h1>µVision Build Log</h1>
<h2>Project:</h2>
D:\VI DIEU KHIEN ARM\TRAINING\stm32_training_data\examples\stm32_gpio\Project\RVMDK\stm32_gpio.uvproj
Project File Date:  07/23/2013

<h2>Output:</h2>
Build target 'stm32_gpio'
compiling main.c...
compiling stm32f10x_it.c...
..\stm32f10x_it.c(25): error:  #5: cannot open source input file "STM32vldiscovery.h": No such file or directory
compiling misc.c...
compiling stm32f10x_gpio.c...
compiling stm32f10x_rcc.c...
compiling core_cm3.c...
compiling system_stm32f10x.c...
assembling startup_stm32f10x_md.s...
Target not created
Build target 'stm32_gpio'
compiling stm32f10x_it.c...
linking...
Program Size: Code=2932 RO-data=268 RW-data=40 ZI-data=1632  
FromELF: creating hex file...
".\Obj\stm32_gpio.axf" - 0 Error(s), 0 Warning(s).
Build target 'stm32_gpio'
linking...
Program Size: Code=2932 RO-data=268 RW-data=40 ZI-data=1632  
FromELF: creating hex file...
".\Obj\stm32_gpio.axf" - 0 Error(s), 0 Warning(s).
Build target 'stm32_gpio'
compiling main.c...
linking...
Program Size: Code=2872 RO-data=268 RW-data=40 ZI-data=1632  
FromELF: creating hex file...
".\Obj\stm32_gpio.axf" - 0 Error(s), 0 Warning(s).
Build target 'stm32_gpio'
compiling main.c...
linking...
Program Size: Code=2872 RO-data=268 RW-data=40 ZI-data=1632  
FromELF: creating hex file...
".\Obj\stm32_gpio.axf" - 0 Error(s), 0 Warning(s).
Build target 'stm32_gpio'
linking...
Program Size: Code=2872 RO-data=268 RW-data=40 ZI-data=1632  
FromELF: creating hex file...
".\Obj\stm32_gpio.axf" - 0 Error(s), 0 Warning(s).
Build target 'stm32_gpio'
linking...
Program Size: Code=2872 RO-data=268 RW-data=40 ZI-data=1632  
FromELF: creating hex file...
".\Obj\stm32_gpio.axf" - 0 Error(s), 0 Warning(s).
